src/App.tsx(2,15): error TS2724: '"@ai-sdk/react"' has no exported member named 'Message'. Did you mean 'UIMessage'?
src/App.tsx(17,21): error TS2339: Property 'input' does not exist on type 'UseChatHelpers<UIMessage<unknown, UIDataTypes, UITools>>'.
src/App.tsx(17,28): error TS2339: Property 'handleInputChange' does not exist on type 'UseChatHelpers<UIMessage<unknown, UIDataTypes, UITools>>'.
src/App.tsx(17,47): error TS2339: Property 'handleSubmit' does not exist on type 'UseChatHelpers<UIMessage<unknown, UIDataTypes, UITools>>'.
src/App.tsx(17,61): error TS2339: Property 'isLoading' does not exist on type 'UseChatHelpers<UIMessage<unknown, UIDataTypes, UITools>>'.
src/App.tsx(18,5): error TS2353: Object literal may only specify known properties, and 'api' does not exist in type 'UseChatOptions<UIMessage<unknown, UIDataTypes, UITools>>'.
src/App.tsx(171,51): error TS7006: Parameter 'toolInvocation' implicitly has an 'any' type.
